{
  name: "foo"
  quoted: false
  list: [
    1
    2
    3
  ]
  options: {
    first: 1
    second: null
  }
  "don't touch": `don't format
  inside
      here`
  "ðŸš€": "better quote this"
}
